// Jest Snapshot v1, https://goo.gl/fbAQLP

exports[`info-card should render the correct elements 1`] = `
<div
  className="info-card"
  onClick={[Function]}
>
  <h4>
    COLORADO
  </h4>
  <div
    className="year-list"
  >
    <p
      className="low"
      key="0.242004"
    >
      2004
      : 
      0.24
      <span
        className="emoji"
      >
        ...😡
      </span>
    </p>
    <p
      className="low"
      key="0.2782005"
    >
      2005
      : 
      0.278
      <span
        className="emoji"
      >
        ...😡
      </span>
    </p>
    <p
      className="low"
      key="0.3372006"
    >
      2006
      : 
      0.337
      <span
        className="emoji"
      >
        ...😡
      </span>
    </p>
    <p
      className="low"
      key="0.3952007"
    >
      2007
      : 
      0.395
      <span
        className="emoji"
      >
        ...😡
      </span>
    </p>
    <p
      className="hi"
      key="0.5362008"
    >
      2008
      : 
      0.536
      <span
        className="emoji"
      >
        ...👍
      </span>
    </p>
    <p
      className="hi"
      key="0.5982009"
    >
      2009
      : 
      0.598
      <span
        className="emoji"
      >
        ...👍
      </span>
    </p>
    <p
      className="hi"
      key="0.642010"
    >
      2010
      : 
      0.64
      <span
        className="emoji"
      >
        ...👍
      </span>
    </p>
    <p
      className="hi"
      key="0.6722011"
    >
      2011
      : 
      0.672
      <span
        className="emoji"
      >
        ...👍
      </span>
    </p>
    <p
      className="hi"
      key="0.6952012"
    >
      2012
      : 
      0.695
      <span
        className="emoji"
      >
        ...👍
      </span>
    </p>
    <p
      className="hi"
      key="0.7032013"
    >
      2013
      : 
      0.703
      <span
        className="emoji"
      >
        ...👍
      </span>
    </p>
    <p
      className="hi"
      key="0.7412014"
    >
      2014
      : 
      0.741
      <span
        className="emoji"
      >
        ...👍
      </span>
    </p>
  </div>
</div>
`;
