// Jest Snapshot v1, https://goo.gl/fbAQLP

exports[`InfoCard should have hold the right elements 1`] = `
<div
  className="info-card"
  onClick={[Function]}
>
  <h4>
    Colorado
  </h4>
  <div
    className="year-list"
  >
    <p
      className="low"
      key="1538944598906"
    >
      2004
      : 
      0.24
      <span
        className="emoji"
      >
        ...😡
      </span>
    </p>
    <p
      className="low"
      key="1538944598923"
    >
      2005
      : 
      0.278
      <span
        className="emoji"
      >
        ...😡
      </span>
    </p>
    <p
      className="low"
      key="1538944598940"
    >
      2006
      : 
      0.337
      <span
        className="emoji"
      >
        ...😡
      </span>
    </p>
    <p
      className="low"
      key="1538944598957"
    >
      2007
      : 
      0.395
      <span
        className="emoji"
      >
        ...😡
      </span>
    </p>
    <p
      className="hi"
      key="1538944598958"
    >
      2008
      : 
      0.536
      <span
        className="emoji"
      >
        ...👍
      </span>
    </p>
    <p
      className="hi"
      key="1538944598971"
    >
      2009
      : 
      0.598
      <span
        className="emoji"
      >
        ...👍
      </span>
    </p>
    <p
      className="hi"
      key="1538944598984"
    >
      2010
      : 
      0.64
      <span
        className="emoji"
      >
        ...👍
      </span>
    </p>
    <p
      className="hi"
      key="1538944598997"
    >
      2011
      : 
      0.672
      <span
        className="emoji"
      >
        ...👍
      </span>
    </p>
    <p
      className="hi"
      key="1538944599010"
    >
      2012
      : 
      0.695
      <span
        className="emoji"
      >
        ...👍
      </span>
    </p>
    <p
      className="hi"
      key="1538944599023"
    >
      2013
      : 
      0.703
      <span
        className="emoji"
      >
        ...👍
      </span>
    </p>
    <p
      className="hi"
      key="1538944599036"
    >
      2014
      : 
      0.741
      <span
        className="emoji"
      >
        ...👍
      </span>
    </p>
  </div>
</div>
`;
